#! /usr/bin/vvp
:ivl_version "13.0 (stable)" "(v13_0-dirty)";
:ivl_delay_selection "TYPICAL";
:vpi_time_precision - 10;
:vpi_module "/usr/lib/ivl/system.vpi";
:vpi_module "/usr/lib/ivl/vhdl_sys.vpi";
:vpi_module "/usr/lib/ivl/vhdl_textio.vpi";
:vpi_module "/usr/lib/ivl/v2005_math.vpi";
:vpi_module "/usr/lib/ivl/va_math.vpi";
S_0x56395f76c0f0 .scope module, "sisc_tb" "sisc_tb" 2 6;
 .timescale -9 -10;
P_0x56395f779d90 .param/real "tclk" 0 2 8, Cr<m5000000000000000gfc5>; value=10.0000
v0x56395f7d7430_0 .var "clk", 0 0;
v0x56395f7d74d0_0 .var "ir", 31 0;
v0x56395f7d7590_0 .var "rst_f", 0 0;
S_0x56395f76c280 .scope module, "uut" "sisc" 2 16, 3 6 0, S_0x56395f76c0f0;
 .timescale -9 -10;
    .port_info 0 /INPUT 1 "clk";
    .port_info 1 /INPUT 1 "rst_f";
    .port_info 2 /INPUT 32 "ir";
v0x56395f7d6110_0 .net "alu_op", 3 0, v0x56395f7d3c80_0;  1 drivers
v0x56395f7d6240_0 .net "alu_out", 31 0, v0x56395f7d1850_0;  1 drivers
v0x56395f7d6350_0 .net "cc", 3 0, L_0x56395f7e9520;  1 drivers
v0x56395f7d6440_0 .net "clk", 0 0, v0x56395f7d7430_0;  1 drivers
v0x56395f7d6570_0 .net "funct", 3 0, L_0x56395f7d7b60;  1 drivers
v0x56395f7d6630_0 .net "imm", 15 0, L_0x56395f7d7a70;  1 drivers
v0x56395f7d66d0_0 .net "ir", 31 0, v0x56395f7d74d0_0;  1 drivers
o0x7fb36aef2d38 .functor BUFZ 4, c4<zzzz>; HiZ drive
v0x56395f7d6790_0 .net "mm", 3 0, o0x7fb36aef2d38;  0 drivers
v0x56395f7d6850_0 .net "opcode", 3 0, L_0x56395f7d7680;  1 drivers
v0x56395f7d6980_0 .net "rf_we", 0 0, v0x56395f7d4200_0;  1 drivers
v0x56395f7d6a20_0 .net "rsa", 31 0, v0x56395f7d5520_0;  1 drivers
v0x56395f7d6b10_0 .net "rsa_id", 3 0, L_0x56395f7d78b0;  1 drivers
v0x56395f7d6bd0_0 .net "rsb", 31 0, v0x56395f7d55c0_0;  1 drivers
v0x56395f7d6cc0_0 .net "rsb_id", 3 0, L_0x56395f7d79a0;  1 drivers
v0x56395f7d6d80_0 .net "rst_f", 0 0, v0x56395f7d7590_0;  1 drivers
v0x56395f7d6e20_0 .net "stat", 3 0, L_0x56395f7e9ce0;  1 drivers
v0x56395f7d6f10_0 .net "stat_en", 3 0, L_0x56395f7e9a70;  1 drivers
v0x56395f7d7110_0 .net "wb_data", 31 0, L_0x56395f7e9d50;  1 drivers
v0x56395f7d7220_0 .net "wb_sel", 0 0, v0x56395f7d4460_0;  1 drivers
v0x56395f7d7310_0 .net "write_reg", 3 0, L_0x56395f7d77c0;  1 drivers
L_0x56395f7d7680 .part v0x56395f7d74d0_0, 28, 4;
L_0x56395f7d77c0 .part v0x56395f7d74d0_0, 24, 4;
L_0x56395f7d78b0 .part v0x56395f7d74d0_0, 20, 4;
L_0x56395f7d79a0 .part v0x56395f7d74d0_0, 16, 4;
L_0x56395f7d7a70 .part v0x56395f7d74d0_0, 0, 16;
L_0x56395f7d7b60 .part v0x56395f7d74d0_0, 0, 4;
L_0x56395f7e9bb0 .part L_0x56395f7e9520, 3, 1;
S_0x56395f776be0 .scope module, "alu0" "alu" 3 45, 4 6 0, S_0x56395f76c280;
 .timescale -9 -10;
    .port_info 0 /INPUT 1 "clk";
    .port_info 1 /INPUT 32 "rsa";
    .port_info 2 /INPUT 32 "rsb";
    .port_info 3 /INPUT 16 "imm";
    .port_info 4 /INPUT 1 "c_in";
    .port_info 5 /INPUT 4 "alu_op";
    .port_info 6 /INPUT 4 "funct";
    .port_info 7 /OUTPUT 32 "alu_result";
    .port_info 8 /OUTPUT 4 "stat";
    .port_info 9 /OUTPUT 4 "stat_en";
P_0x56395f7790e0 .param/l "ADC" 0 4 106, +C4<00000000000000000000000000000011>;
P_0x56395f779120 .param/l "ADD" 0 4 106, +C4<00000000000000000000000000000001>;
P_0x56395f779160 .param/l "ASL" 0 4 107, +C4<00000000000000000000000000001111>;
P_0x56395f7791a0 .param/l "ASR" 0 4 107, +C4<00000000000000000000000000001110>;
P_0x56395f7791e0 .param/l "LAND" 0 4 106, +C4<00000000000000000000000000000110>;
P_0x56395f779220 .param/l "LNOT" 0 4 106, +C4<00000000000000000000000000000100>;
P_0x56395f779260 .param/l "LOR" 0 4 106, +C4<00000000000000000000000000000101>;
P_0x56395f7792a0 .param/l "LXOR" 0 4 106, +C4<00000000000000000000000000000111>;
P_0x56395f7792e0 .param/l "RLC" 0 4 107, +C4<00000000000000000000000000001101>;
P_0x56395f779320 .param/l "ROL" 0 4 107, +C4<00000000000000000000000000001001>;
P_0x56395f779360 .param/l "ROR" 0 4 107, +C4<00000000000000000000000000001000>;
P_0x56395f7793a0 .param/l "RRC" 0 4 107, +C4<00000000000000000000000000001100>;
P_0x56395f7793e0 .param/l "SHL" 0 4 107, +C4<00000000000000000000000000001011>;
P_0x56395f779420 .param/l "SHR" 0 4 107, +C4<00000000000000000000000000001010>;
P_0x56395f779460 .param/l "SUB" 0 4 106, +C4<00000000000000000000000000000010>;
L_0x7fb36abb7018 .functor BUFT 1, C4<1>, C4<0>, C4<0>, C4<0>;
L_0x56395f7aee20 .functor XNOR 1, L_0x56395f7d7c90, L_0x7fb36abb7018, C4<0>, C4<0>;
L_0x7fb36abb7258 .functor BUFT 1, C4<0>, C4<0>, C4<0>, C4<0>;
L_0x56395f7af4f0 .functor XNOR 1, L_0x56395f7e8960, L_0x7fb36abb7258, C4<0>, C4<0>;
L_0x56395f7afa30 .functor XOR 1, L_0x56395f7e87c0, L_0x56395f7e8c30, C4<0>, C4<0>;
L_0x56395f7affb0 .functor XOR 1, L_0x56395f7afa30, L_0x56395f7e8d70, C4<0>, C4<0>;
L_0x56395f7e8f30 .functor NOT 1, L_0x56395f7affb0, C4<0>, C4<0>, C4<0>;
L_0x56395f7e9090 .functor XOR 1, L_0x56395f7e87c0, L_0x56395f7e8ff0, C4<0>, C4<0>;
L_0x56395f7e8e60 .functor XOR 1, L_0x56395f7e9090, L_0x56395f7e9150, C4<0>, C4<0>;
L_0x56395f7e9320 .functor AND 1, L_0x56395f7e8f30, L_0x56395f7e8e60, C4<1>, C4<1>;
L_0x7fb36abb72a0 .functor BUFT 1, C4<1>, C4<0>, C4<0>, C4<0>;
L_0x56395f7e96b0 .functor XNOR 1, L_0x56395f7e9840, L_0x7fb36abb72a0, C4<0>, C4<0>;
v0x56395f7a9060_0 .net *"_ivl_1", 0 0, L_0x56395f7d7c90;  1 drivers
L_0x7fb36abb70a8 .functor BUFT 1, C4<0000000000000000>, C4<0>, C4<0>, C4<0>;
v0x56395f7aef30_0 .net/2u *"_ivl_10", 15 0, L_0x7fb36abb70a8;  1 drivers
v0x56395f7af600_0 .net *"_ivl_12", 31 0, L_0x56395f7e7f10;  1 drivers
v0x56395f7afb40_0 .net *"_ivl_17", 2 0, L_0x56395f7e8190;  1 drivers
L_0x7fb36abb70f0 .functor BUFT 1, C4<001>, C4<0>, C4<0>, C4<0>;
v0x56395f7cf810_0 .net/2u *"_ivl_18", 2 0, L_0x7fb36abb70f0;  1 drivers
v0x56395f7cf940_0 .net/2u *"_ivl_2", 0 0, L_0x7fb36abb7018;  1 drivers
v0x56395f7cfa20_0 .net *"_ivl_20", 0 0, L_0x56395f7e8230;  1 drivers
v0x56395f7cfae0_0 .net *"_ivl_24", 31 0, L_0x56395f7e84f0;  1 drivers
L_0x7fb36abb7138 .functor BUFT 1, C4<0000000000000000000000000000>, C4<0>, C4<0>, C4<0>;
v0x56395f7cfbc0_0 .net *"_ivl_27", 27 0, L_0x7fb36abb7138;  1 drivers
L_0x7fb36abb7180 .functor BUFT 1, C4<00000000000000000000000000000010>, C4<0>, C4<0>, C4<0>;
v0x56395f7cfca0_0 .net/2u *"_ivl_28", 31 0, L_0x7fb36abb7180;  1 drivers
v0x56395f7cfd80_0 .net *"_ivl_30", 0 0, L_0x56395f7e8680;  1 drivers
L_0x7fb36abb71c8 .functor BUFT 1, C4<1>, C4<0>, C4<0>, C4<0>;
v0x56395f7cfe40_0 .net/2u *"_ivl_32", 0 0, L_0x7fb36abb71c8;  1 drivers
L_0x7fb36abb7210 .functor BUFT 1, C4<0>, C4<0>, C4<0>, C4<0>;
v0x56395f7cff20_0 .net/2u *"_ivl_34", 0 0, L_0x7fb36abb7210;  1 drivers
v0x56395f7d0000_0 .net *"_ivl_4", 0 0, L_0x56395f7aee20;  1 drivers
v0x56395f7d00c0_0 .net *"_ivl_41", 0 0, L_0x56395f7e8960;  1 drivers
v0x56395f7d01a0_0 .net/2u *"_ivl_42", 0 0, L_0x7fb36abb7258;  1 drivers
v0x56395f7d0280_0 .net *"_ivl_44", 0 0, L_0x56395f7af4f0;  1 drivers
v0x56395f7d0340_0 .net *"_ivl_46", 0 0, L_0x56395f7e8b20;  1 drivers
v0x56395f7d0420_0 .net *"_ivl_51", 0 0, L_0x56395f7e8c30;  1 drivers
v0x56395f7d0500_0 .net *"_ivl_52", 0 0, L_0x56395f7afa30;  1 drivers
v0x56395f7d05e0_0 .net *"_ivl_55", 0 0, L_0x56395f7e8d70;  1 drivers
v0x56395f7d06c0_0 .net *"_ivl_56", 0 0, L_0x56395f7affb0;  1 drivers
v0x56395f7d07a0_0 .net *"_ivl_58", 0 0, L_0x56395f7e8f30;  1 drivers
L_0x7fb36abb7060 .functor BUFT 1, C4<1111111111111111>, C4<0>, C4<0>, C4<0>;
v0x56395f7d0880_0 .net/2u *"_ivl_6", 15 0, L_0x7fb36abb7060;  1 drivers
v0x56395f7d0960_0 .net *"_ivl_61", 0 0, L_0x56395f7e8ff0;  1 drivers
v0x56395f7d0a40_0 .net *"_ivl_62", 0 0, L_0x56395f7e9090;  1 drivers
v0x56395f7d0b20_0 .net *"_ivl_65", 0 0, L_0x56395f7e9150;  1 drivers
v0x56395f7d0c00_0 .net *"_ivl_66", 0 0, L_0x56395f7e8e60;  1 drivers
v0x56395f7d0ce0_0 .net *"_ivl_68", 0 0, L_0x56395f7e9320;  1 drivers
v0x56395f7d0dc0_0 .net *"_ivl_73", 0 0, L_0x56395f7e9480;  1 drivers
v0x56395f7d0ea0_0 .net *"_ivl_78", 0 0, L_0x56395f7e9750;  1 drivers
v0x56395f7d0f60_0 .net *"_ivl_8", 31 0, L_0x56395f7e7de0;  1 drivers
v0x56395f7d1040_0 .net *"_ivl_80", 0 0, L_0x56395f7e9840;  1 drivers
v0x56395f7d1330_0 .net/2u *"_ivl_81", 0 0, L_0x7fb36abb72a0;  1 drivers
v0x56395f7d1410_0 .net *"_ivl_83", 0 0, L_0x56395f7e96b0;  1 drivers
L_0x7fb36abb72e8 .functor BUFT 1, C4<0000>, C4<0>, C4<0>, C4<0>;
v0x56395f7d14d0_0 .net/2u *"_ivl_85", 3 0, L_0x7fb36abb72e8;  1 drivers
v0x56395f7d15b0_0 .var "add_out", 32 0;
v0x56395f7d1690_0 .net "alu_op", 3 0, v0x56395f7d3c80_0;  alias, 1 drivers
v0x56395f7d1770_0 .var "alu_out", 31 0;
v0x56395f7d1850_0 .var "alu_result", 31 0;
v0x56395f7d1930_0 .net "c_in", 0 0, L_0x56395f7e9bb0;  1 drivers
v0x56395f7d19f0_0 .var "ca", 0 0;
v0x56395f7d1ab0_0 .net "clk", 0 0, v0x56395f7d7430_0;  alias, 1 drivers
v0x56395f7d1b70_0 .var "cs", 0 0;
v0x56395f7d1c30_0 .var "ct", 0 0;
v0x56395f7d1cf0_0 .net "fsb", 0 0, L_0x56395f7e87c0;  1 drivers
v0x56395f7d1db0_0 .net "funct", 3 0, L_0x56395f7d7b60;  alias, 1 drivers
v0x56395f7d1e90_0 .var/i "i", 31 0;
v0x56395f7d1f70_0 .net "imm", 15 0, L_0x56395f7d7a70;  alias, 1 drivers
v0x56395f7d2050_0 .net "imm_ext", 31 0, L_0x56395f7e8000;  1 drivers
v0x56395f7d2130_0 .var "log_out", 31 0;
v0x56395f7d2210_0 .net "opb", 31 0, L_0x56395f7e83b0;  1 drivers
v0x56395f7d22f0_0 .var "reg_rot", 31 0;
v0x56395f7d23d0_0 .net "rsa", 31 0, v0x56395f7d5520_0;  alias, 1 drivers
v0x56395f7d24b0_0 .net "rsb", 31 0, v0x56395f7d55c0_0;  alias, 1 drivers
v0x56395f7d2590_0 .var "shf_out", 31 0;
v0x56395f7d2670_0 .net "stat", 3 0, L_0x56395f7e9520;  alias, 1 drivers
v0x56395f7d2750_0 .net "stat_en", 3 0, L_0x56395f7e9a70;  alias, 1 drivers
v0x56395f7d2830_0 .var "sts_upd", 3 0;
v0x56395f7d2910_0 .var "t", 0 0;
E_0x56395f74e020 .event posedge, v0x56395f7d1ab0_0;
E_0x56395f7505d0/0 .event anyedge, v0x56395f7d1690_0, v0x56395f7d1db0_0, v0x56395f7d2590_0, v0x56395f7d2130_0;
E_0x56395f7505d0/1 .event anyedge, v0x56395f7d15b0_0;
E_0x56395f7505d0 .event/or E_0x56395f7505d0/0, E_0x56395f7505d0/1;
E_0x56395f74f680 .event anyedge, v0x56395f7d1db0_0, v0x56395f7d1930_0, v0x56395f7d2210_0, v0x56395f7d23d0_0;
E_0x56395f750770 .event anyedge, v0x56395f7d1db0_0, v0x56395f7d2210_0, v0x56395f7d23d0_0;
E_0x56395f7500d0/0 .event anyedge, v0x56395f7d1690_0, v0x56395f7d1db0_0, v0x56395f7d1930_0, v0x56395f7d2050_0;
E_0x56395f7500d0/1 .event anyedge, v0x56395f7d2210_0, v0x56395f7d23d0_0;
E_0x56395f7500d0 .event/or E_0x56395f7500d0/0, E_0x56395f7500d0/1;
L_0x56395f7d7c90 .part L_0x56395f7d7a70, 15, 1;
L_0x56395f7e7de0 .concat [ 16 16 0 0], L_0x56395f7d7a70, L_0x7fb36abb7060;
L_0x56395f7e7f10 .concat [ 16 16 0 0], L_0x56395f7d7a70, L_0x7fb36abb70a8;
L_0x56395f7e8000 .functor MUXZ 32, L_0x56395f7e7f10, L_0x56395f7e7de0, L_0x56395f7aee20, C4<>;
L_0x56395f7e8190 .part v0x56395f7d3c80_0, 1, 3;
L_0x56395f7e8230 .cmp/eq 3, L_0x56395f7e8190, L_0x7fb36abb70f0;
L_0x56395f7e83b0 .functor MUXZ 32, v0x56395f7d55c0_0, L_0x56395f7e8000, L_0x56395f7e8230, C4<>;
L_0x56395f7e84f0 .concat [ 4 28 0 0], L_0x56395f7d7b60, L_0x7fb36abb7138;
L_0x56395f7e8680 .cmp/eq 32, L_0x56395f7e84f0, L_0x7fb36abb7180;
L_0x56395f7e87c0 .functor MUXZ 1, L_0x7fb36abb7210, L_0x7fb36abb71c8, L_0x56395f7e8680, C4<>;
L_0x56395f7e8960 .part L_0x56395f7d7b60, 3, 1;
L_0x56395f7e8b20 .functor MUXZ 1, v0x56395f7d1b70_0, v0x56395f7d19f0_0, L_0x56395f7af4f0, C4<>;
L_0x56395f7e8c30 .part v0x56395f7d5520_0, 31, 1;
L_0x56395f7e8d70 .part L_0x56395f7e83b0, 31, 1;
L_0x56395f7e8ff0 .part L_0x56395f7e83b0, 31, 1;
L_0x56395f7e9150 .part v0x56395f7d15b0_0, 31, 1;
L_0x56395f7e9480 .part v0x56395f7d1770_0, 31, 1;
L_0x56395f7e9520 .concat8 [ 1 1 1 1], L_0x56395f7e9750, L_0x56395f7e9480, L_0x56395f7e9320, L_0x56395f7e8b20;
L_0x56395f7e9750 .reduce/nor v0x56395f7d1770_0;
L_0x56395f7e9840 .part v0x56395f7d3c80_0, 0, 1;
L_0x56395f7e9a70 .functor MUXZ 4, L_0x7fb36abb72e8, v0x56395f7d2830_0, L_0x56395f7e96b0, C4<>;
S_0x56395f7d2b70 .scope module, "ctrl0" "ctrl" 3 67, 5 6 0, S_0x56395f76c280;
 .timescale -9 -10;
    .port_info 0 /INPUT 1 "clk";
    .port_info 1 /INPUT 1 "rst_f";
    .port_info 2 /INPUT 4 "opcode";
    .port_info 3 /INPUT 4 "mm";
    .port_info 4 /INPUT 4 "stat";
    .port_info 5 /OUTPUT 1 "rf_we";
    .port_info 6 /OUTPUT 4 "alu_op";
    .port_info 7 /OUTPUT 1 "wb_sel";
P_0x56395f7d2d20 .param/l "AM_IMM" 0 5 28, +C4<00000000000000000000000000001000>;
P_0x56395f7d2d60 .param/l "BNE" 0 5 23, +C4<00000000000000000000000000000110>;
P_0x56395f7d2da0 .param/l "BNR" 0 5 23, +C4<00000000000000000000000000000111>;
P_0x56395f7d2de0 .param/l "BRA" 0 5 23, +C4<00000000000000000000000000000100>;
P_0x56395f7d2e20 .param/l "BRR" 0 5 23, +C4<00000000000000000000000000000101>;
P_0x56395f7d2e60 .param/l "CALL" 0 5 24, +C4<00000000000000000000000000001100>;
P_0x56395f7d2ea0 .param/l "HLT" 0 5 24, +C4<00000000000000000000000000001111>;
P_0x56395f7d2ee0 .param/l "JPA" 0 5 24, +C4<00000000000000000000000000001000>;
P_0x56395f7d2f20 .param/l "JPR" 0 5 24, +C4<00000000000000000000000000001001>;
P_0x56395f7d2f60 .param/l "LOD" 0 5 24, +C4<00000000000000000000000000001010>;
P_0x56395f7d2fa0 .param/l "NOOP" 0 5 23, +C4<00000000000000000000000000000000>;
P_0x56395f7d2fe0 .param/l "REG_IM" 0 5 23, +C4<00000000000000000000000000000010>;
P_0x56395f7d3020 .param/l "REG_OP" 0 5 23, +C4<00000000000000000000000000000001>;
P_0x56395f7d3060 .param/l "RET" 0 5 24, +C4<00000000000000000000000000001101>;
P_0x56395f7d30a0 .param/l "STR" 0 5 24, +C4<00000000000000000000000000001011>;
P_0x56395f7d30e0 .param/l "SWAP" 0 5 23, +C4<00000000000000000000000000000011>;
P_0x56395f7d3120 .param/l "decode" 0 5 19, +C4<00000000000000000000000000000011>;
P_0x56395f7d3160 .param/l "execute" 0 5 19, +C4<00000000000000000000000000000100>;
P_0x56395f7d31a0 .param/l "fetch" 0 5 19, +C4<00000000000000000000000000000010>;
P_0x56395f7d31e0 .param/l "mem" 0 5 19, +C4<00000000000000000000000000000101>;
P_0x56395f7d3220 .param/l "start0" 0 5 19, +C4<00000000000000000000000000000000>;
P_0x56395f7d3260 .param/l "start1" 0 5 19, +C4<00000000000000000000000000000001>;
P_0x56395f7d32a0 .param/l "writeback" 0 5 19, +C4<00000000000000000000000000000110>;
v0x56395f7d3c80_0 .var "alu_op", 3 0;
v0x56395f7d3d90_0 .net "clk", 0 0, v0x56395f7d7430_0;  alias, 1 drivers
v0x56395f7d3e60_0 .net "mm", 3 0, o0x7fb36aef2d38;  alias, 0 drivers
v0x56395f7d3f30_0 .var "next_state", 2 0;
v0x56395f7d3ff0_0 .net "opcode", 3 0, L_0x56395f7d7680;  alias, 1 drivers
v0x56395f7d4120_0 .var "present_state", 2 0;
v0x56395f7d4200_0 .var "rf_we", 0 0;
v0x56395f7d42c0_0 .net "rst_f", 0 0, v0x56395f7d7590_0;  alias, 1 drivers
v0x56395f7d4380_0 .net "stat", 3 0, L_0x56395f7e9ce0;  alias, 1 drivers
v0x56395f7d4460_0 .var "wb_sel", 0 0;
E_0x56395f74dd90 .event anyedge, v0x56395f7d3ff0_0;
E_0x56395f74f9f0 .event anyedge, v0x56395f7d3ff0_0, v0x56395f7d4120_0;
E_0x56395f74e9a0 .event anyedge, v0x56395f7d42c0_0, v0x56395f7d4120_0;
E_0x56395f74eb30/0 .event negedge, v0x56395f7d42c0_0;
E_0x56395f74eb30/1 .event posedge, v0x56395f7d1ab0_0;
E_0x56395f74eb30 .event/or E_0x56395f74eb30/0, E_0x56395f74eb30/1;
S_0x56395f7d4620 .scope module, "mux0" "mux32" 3 79, 6 6 0, S_0x56395f76c280;
 .timescale -9 -10;
    .port_info 0 /INPUT 32 "in_a";
    .port_info 1 /INPUT 32 "in_b";
    .port_info 2 /INPUT 1 "sel";
    .port_info 3 /OUTPUT 32 "out";
L_0x56395f7e9d50 .functor BUFZ 32, v0x56395f7d4b50_0, C4<00000000000000000000000000000000>, C4<00000000000000000000000000000000>, C4<00000000000000000000000000000000>;
v0x56395f7d4890_0 .net "in_a", 31 0, v0x56395f7d1850_0;  alias, 1 drivers
L_0x7fb36abb7330 .functor BUFT 1, C4<00000000000000000000000000000000>, C4<0>, C4<0>, C4<0>;
v0x56395f7d49a0_0 .net "in_b", 31 0, L_0x7fb36abb7330;  1 drivers
v0x56395f7d4a60_0 .net "out", 31 0, L_0x56395f7e9d50;  alias, 1 drivers
v0x56395f7d4b50_0 .var "outreg", 31 0;
v0x56395f7d4c30_0 .net "sel", 0 0, v0x56395f7d4460_0;  alias, 1 drivers
E_0x56395f74ef90 .event anyedge, v0x56395f7d4460_0, v0x56395f7d49a0_0, v0x56395f7d1850_0;
S_0x56395f7d4db0 .scope module, "rf0" "rf" 3 87, 7 6 0, S_0x56395f76c280;
 .timescale -9 -10;
    .port_info 0 /INPUT 1 "clk";
    .port_info 1 /INPUT 4 "read_rega";
    .port_info 2 /INPUT 4 "read_regb";
    .port_info 3 /INPUT 4 "write_reg";
    .port_info 4 /INPUT 32 "write_data";
    .port_info 5 /INPUT 1 "rf_we";
    .port_info 6 /OUTPUT 32 "rsa";
    .port_info 7 /OUTPUT 32 "rsb";
v0x56395f7d4fe0_0 .net "clk", 0 0, v0x56395f7d7430_0;  alias, 1 drivers
v0x56395f7d50f0_0 .var/i "i", 31 0;
v0x56395f7d51d0 .array "ram_array", 0 15, 31 0;
v0x56395f7d5270_0 .net "read_rega", 3 0, L_0x56395f7d78b0;  alias, 1 drivers
v0x56395f7d5350_0 .net "read_regb", 3 0, L_0x56395f7d79a0;  alias, 1 drivers
v0x56395f7d5480_0 .net "rf_we", 0 0, v0x56395f7d4200_0;  alias, 1 drivers
v0x56395f7d5520_0 .var "rsa", 31 0;
v0x56395f7d55c0_0 .var "rsb", 31 0;
v0x56395f7d5690_0 .net "write_data", 31 0, L_0x56395f7e9d50;  alias, 1 drivers
v0x56395f7d57f0_0 .net "write_reg", 3 0, L_0x56395f7d77c0;  alias, 1 drivers
S_0x56395f7d59b0 .scope module, "statreg0" "statreg" 3 59, 8 6 0, S_0x56395f76c280;
 .timescale -9 -10;
    .port_info 0 /INPUT 1 "clk";
    .port_info 1 /INPUT 4 "in";
    .port_info 2 /INPUT 4 "enable";
    .port_info 3 /OUTPUT 4 "out";
L_0x56395f7e9ce0 .functor BUFZ 4, v0x56395f7d5fa0_0, C4<0000>, C4<0000>, C4<0000>;
v0x56395f7d5c20_0 .net "clk", 0 0, v0x56395f7d7430_0;  alias, 1 drivers
v0x56395f7d5ce0_0 .net "enable", 3 0, L_0x56395f7e9a70;  alias, 1 drivers
v0x56395f7d5dd0_0 .net "in", 3 0, L_0x56395f7e9520;  alias, 1 drivers
v0x56395f7d5ed0_0 .net "out", 3 0, L_0x56395f7e9ce0;  alias, 1 drivers
v0x56395f7d5fa0_0 .var "outreg", 3 0;
    .scope S_0x56395f776be0;
T_0 ;
    %wait E_0x56395f7500d0;
    %pushi/vec4 0, 0, 33;
    %store/vec4 v0x56395f7d15b0_0, 0, 33;
    %load/vec4 v0x56395f7d1690_0;
    %parti/s 3, 1, 2;
    %dup/vec4;
    %pushi/vec4 0, 0, 3;
    %cmp/u;
    %jmp/1 T_0.0, 6;
    %dup/vec4;
    %pushi/vec4 1, 0, 3;
    %cmp/u;
    %jmp/1 T_0.1, 6;
    %dup/vec4;
    %pushi/vec4 2, 0, 3;
    %cmp/u;
    %jmp/1 T_0.2, 6;
    %dup/vec4;
    %pushi/vec4 3, 0, 3;
    %cmp/u;
    %jmp/1 T_0.3, 6;
    %dup/vec4;
    %pushi/vec4 4, 0, 3;
    %cmp/u;
    %jmp/1 T_0.4, 6;
    %dup/vec4;
    %pushi/vec4 5, 0, 3;
    %cmp/u;
    %jmp/1 T_0.5, 6;
    %dup/vec4;
    %pushi/vec4 6, 0, 3;
    %cmp/u;
    %jmp/1 T_0.6, 6;
    %dup/vec4;
    %pushi/vec4 7, 0, 3;
    %cmp/u;
    %jmp/1 T_0.7, 6;
    %jmp T_0.8;
T_0.0 ;
    %load/vec4 v0x56395f7d1db0_0;
    %pad/u 32;
    %cmpi/e 1, 0, 32;
    %jmp/0xz  T_0.9, 4;
    %load/vec4 v0x56395f7d23d0_0;
    %pad/u 33;
    %load/vec4 v0x56395f7d2210_0;
    %pad/u 33;
    %add;
    %store/vec4 v0x56395f7d15b0_0, 0, 33;
    %jmp T_0.10;
T_0.9 ;
    %load/vec4 v0x56395f7d1db0_0;
    %pad/u 32;
    %cmpi/e 2, 0, 32;
    %jmp/0xz  T_0.11, 4;
    %load/vec4 v0x56395f7d23d0_0;
    %pad/u 33;
    %load/vec4 v0x56395f7d2210_0;
    %pad/u 33;
    %sub;
    %store/vec4 v0x56395f7d15b0_0, 0, 33;
    %jmp T_0.12;
T_0.11 ;
    %load/vec4 v0x56395f7d1db0_0;
    %pad/u 32;
    %cmpi/e 3, 0, 32;
    %jmp/0xz  T_0.13, 4;
    %load/vec4 v0x56395f7d23d0_0;
    %pad/u 33;
    %load/vec4 v0x56395f7d2210_0;
    %pad/u 33;
    %add;
    %load/vec4 v0x56395f7d1930_0;
    %pad/u 33;
    %add;
    %store/vec4 v0x56395f7d15b0_0, 0, 33;
T_0.13 ;
T_0.12 ;
T_0.10 ;
    %load/vec4 v0x56395f7d15b0_0;
    %parti/s 1, 32, 7;
    %store/vec4 v0x56395f7d19f0_0, 0, 1;
    %jmp T_0.8;
T_0.1 ;
    %load/vec4 v0x56395f7d1db0_0;
    %pad/u 32;
    %cmpi/e 1, 0, 32;
    %jmp/0xz  T_0.15, 4;
    %load/vec4 v0x56395f7d23d0_0;
    %pad/u 33;
    %load/vec4 v0x56395f7d2210_0;
    %pad/u 33;
    %add;
    %store/vec4 v0x56395f7d15b0_0, 0, 33;
    %jmp T_0.16;
T_0.15 ;
    %load/vec4 v0x56395f7d1db0_0;
    %pad/u 32;
    %cmpi/e 2, 0, 32;
    %jmp/0xz  T_0.17, 4;
    %load/vec4 v0x56395f7d23d0_0;
    %pad/u 33;
    %load/vec4 v0x56395f7d2210_0;
    %pad/u 33;
    %sub;
    %store/vec4 v0x56395f7d15b0_0, 0, 33;
    %jmp T_0.18;
T_0.17 ;
    %load/vec4 v0x56395f7d1db0_0;
    %pad/u 32;
    %cmpi/e 3, 0, 32;
    %jmp/0xz  T_0.19, 4;
    %load/vec4 v0x56395f7d23d0_0;
    %pad/u 33;
    %load/vec4 v0x56395f7d2210_0;
    %pad/u 33;
    %add;
    %load/vec4 v0x56395f7d1930_0;
    %pad/u 33;
    %add;
    %store/vec4 v0x56395f7d15b0_0, 0, 33;
T_0.19 ;
T_0.18 ;
T_0.16 ;
    %load/vec4 v0x56395f7d15b0_0;
    %parti/s 1, 32, 7;
    %store/vec4 v0x56395f7d19f0_0, 0, 1;
    %jmp T_0.8;
T_0.2 ;
    %load/vec4 v0x56395f7d23d0_0;
    %pad/u 33;
    %load/vec4 v0x56395f7d2050_0;
    %pad/u 33;
    %add;
    %store/vec4 v0x56395f7d15b0_0, 0, 33;
    %load/vec4 v0x56395f7d15b0_0;
    %parti/s 1, 32, 7;
    %store/vec4 v0x56395f7d19f0_0, 0, 1;
    %jmp T_0.8;
T_0.3 ;
    %load/vec4 v0x56395f7d23d0_0;
    %pad/u 33;
    %load/vec4 v0x56395f7d2050_0;
    %pad/u 33;
    %sub;
    %store/vec4 v0x56395f7d15b0_0, 0, 33;
    %load/vec4 v0x56395f7d15b0_0;
    %parti/s 1, 32, 7;
    %store/vec4 v0x56395f7d19f0_0, 0, 1;
    %jmp T_0.8;
T_0.4 ;
    %load/vec4 v0x56395f7d23d0_0;
    %pad/u 33;
    %addi 1, 0, 33;
    %store/vec4 v0x56395f7d15b0_0, 0, 33;
    %load/vec4 v0x56395f7d15b0_0;
    %parti/s 1, 32, 7;
    %store/vec4 v0x56395f7d19f0_0, 0, 1;
    %jmp T_0.8;
T_0.5 ;
    %load/vec4 v0x56395f7d23d0_0;
    %pad/u 33;
    %subi 1, 0, 33;
    %store/vec4 v0x56395f7d15b0_0, 0, 33;
    %load/vec4 v0x56395f7d15b0_0;
    %parti/s 1, 32, 7;
    %store/vec4 v0x56395f7d19f0_0, 0, 1;
    %jmp T_0.8;
T_0.6 ;
    %load/vec4 v0x56395f7d23d0_0;
    %pad/u 33;
    %store/vec4 v0x56395f7d15b0_0, 0, 33;
    %pushi/vec4 0, 0, 1;
    %store/vec4 v0x56395f7d19f0_0, 0, 1;
    %jmp T_0.8;
T_0.7 ;
    %load/vec4 v0x56395f7d2210_0;
    %pad/u 33;
    %store/vec4 v0x56395f7d15b0_0, 0, 33;
    %pushi/vec4 0, 0, 1;
    %store/vec4 v0x56395f7d19f0_0, 0, 1;
    %jmp T_0.8;
T_0.8 ;
    %pop/vec4 1;
    %jmp T_0;
    .thread T_0, $push;
    .scope S_0x56395f776be0;
T_1 ;
    %wait E_0x56395f750770;
    %pushi/vec4 0, 0, 32;
    %store/vec4 v0x56395f7d2130_0, 0, 32;
    %load/vec4 v0x56395f7d1db0_0;
    %parti/s 2, 0, 2;
    %dup/vec4;
    %pushi/vec4 0, 0, 2;
    %cmp/u;
    %jmp/1 T_1.0, 6;
    %dup/vec4;
    %pushi/vec4 1, 0, 2;
    %cmp/u;
    %jmp/1 T_1.1, 6;
    %dup/vec4;
    %pushi/vec4 2, 0, 2;
    %cmp/u;
    %jmp/1 T_1.2, 6;
    %dup/vec4;
    %pushi/vec4 3, 0, 2;
    %cmp/u;
    %jmp/1 T_1.3, 6;
    %jmp T_1.4;
T_1.0 ;
    %load/vec4 v0x56395f7d23d0_0;
    %inv;
    %store/vec4 v0x56395f7d2130_0, 0, 32;
    %jmp T_1.4;
T_1.1 ;
    %load/vec4 v0x56395f7d23d0_0;
    %load/vec4 v0x56395f7d2210_0;
    %or;
    %store/vec4 v0x56395f7d2130_0, 0, 32;
    %jmp T_1.4;
T_1.2 ;
    %load/vec4 v0x56395f7d23d0_0;
    %load/vec4 v0x56395f7d2210_0;
    %and;
    %store/vec4 v0x56395f7d2130_0, 0, 32;
    %jmp T_1.4;
T_1.3 ;
    %load/vec4 v0x56395f7d23d0_0;
    %load/vec4 v0x56395f7d2210_0;
    %xor;
    %store/vec4 v0x56395f7d2130_0, 0, 32;
    %jmp T_1.4;
T_1.4 ;
    %pop/vec4 1;
    %jmp T_1;
    .thread T_1, $push;
    .scope S_0x56395f776be0;
T_2 ;
    %wait E_0x56395f74f680;
    %pushi/vec4 0, 0, 32;
    %store/vec4 v0x56395f7d2590_0, 0, 32;
    %pushi/vec4 0, 0, 1;
    %store/vec4 v0x56395f7d1c30_0, 0, 1;
    %pushi/vec4 0, 0, 1;
    %store/vec4 v0x56395f7d1b70_0, 0, 1;
    %load/vec4 v0x56395f7d1db0_0;
    %dup/vec4;
    %pushi/vec4 10, 0, 4;
    %cmp/u;
    %jmp/1 T_2.0, 6;
    %dup/vec4;
    %pushi/vec4 11, 0, 4;
    %cmp/u;
    %jmp/1 T_2.1, 6;
    %dup/vec4;
    %pushi/vec4 14, 0, 4;
    %cmp/u;
    %jmp/1 T_2.2, 6;
    %dup/vec4;
    %pushi/vec4 15, 0, 4;
    %cmp/u;
    %jmp/1 T_2.3, 6;
    %dup/vec4;
    %pushi/vec4 8, 0, 4;
    %cmp/u;
    %jmp/1 T_2.4, 6;
    %dup/vec4;
    %pushi/vec4 9, 0, 4;
    %cmp/u;
    %jmp/1 T_2.5, 6;
    %dup/vec4;
    %pushi/vec4 12, 0, 4;
    %cmp/u;
    %jmp/1 T_2.6, 6;
    %dup/vec4;
    %pushi/vec4 13, 0, 4;
    %cmp/u;
    %jmp/1 T_2.7, 6;
    %jmp T_2.8;
T_2.0 ;
    %load/vec4 v0x56395f7d23d0_0;
    %parti/s 1, 0, 2;
    %store/vec4 v0x56395f7d1b70_0, 0, 1;
    %load/vec4 v0x56395f7d23d0_0;
    %load/vec4 v0x56395f7d2210_0;
    %parti/s 5, 0, 2;
    %ix/vec4 4;
    %shiftr 4;
    %store/vec4 v0x56395f7d2590_0, 0, 32;
    %jmp T_2.8;
T_2.1 ;
    %load/vec4 v0x56395f7d23d0_0;
    %parti/s 1, 31, 6;
    %store/vec4 v0x56395f7d1b70_0, 0, 1;
    %load/vec4 v0x56395f7d23d0_0;
    %load/vec4 v0x56395f7d2210_0;
    %parti/s 5, 0, 2;
    %ix/vec4 4;
    %shiftl 4;
    %store/vec4 v0x56395f7d2590_0, 0, 32;
    %jmp T_2.8;
T_2.2 ;
    %load/vec4 v0x56395f7d23d0_0;
    %parti/s 1, 0, 2;
    %store/vec4 v0x56395f7d1b70_0, 0, 1;
    %load/vec4 v0x56395f7d23d0_0;
    %load/vec4 v0x56395f7d2210_0;
    %parti/s 5, 0, 2;
    %ix/vec4 4;
    %shiftr 4;
    %store/vec4 v0x56395f7d2590_0, 0, 32;
    %jmp T_2.8;
T_2.3 ;
    %load/vec4 v0x56395f7d23d0_0;
    %parti/s 1, 31, 6;
    %store/vec4 v0x56395f7d1b70_0, 0, 1;
    %load/vec4 v0x56395f7d23d0_0;
    %load/vec4 v0x56395f7d2210_0;
    %parti/s 5, 0, 2;
    %ix/vec4 4;
    %shiftl 4;
    %store/vec4 v0x56395f7d2590_0, 0, 32;
    %jmp T_2.8;
T_2.4 ;
    %load/vec4 v0x56395f7d23d0_0;
    %store/vec4 v0x56395f7d22f0_0, 0, 32;
    %pushi/vec4 0, 0, 32;
    %store/vec4 v0x56395f7d1e90_0, 0, 32;
T_2.9 ; Top of for-loop
    %load/vec4 v0x56395f7d1e90_0;
    %load/vec4 v0x56395f7d2210_0;
    %parti/s 5, 0, 2;
    %pad/u 32;
    %cmp/u;
	  %jmp/0xz T_2.10, 5;
    %load/vec4 v0x56395f7d22f0_0;
    %parti/s 1, 0, 2;
    %store/vec4 v0x56395f7d2910_0, 0, 1;
    %load/vec4 v0x56395f7d22f0_0;
    %parti/s 31, 1, 2;
    %ix/load 4, 0, 0;
    %flag_set/imm 4, 0;
    %store/vec4 v0x56395f7d22f0_0, 4, 31;
    %load/vec4 v0x56395f7d2910_0;
    %ix/load 4, 31, 0;
    %flag_set/imm 4, 0;
    %store/vec4 v0x56395f7d22f0_0, 4, 1;
    %load/vec4 v0x56395f7d2910_0;
    %store/vec4 v0x56395f7d1c30_0, 0, 1;
T_2.11 ; for-loop step statement
    %load/vec4 v0x56395f7d1e90_0;
    %addi 1, 0, 32;
    %store/vec4 v0x56395f7d1e90_0, 0, 32;
    %jmp T_2.9;
T_2.10 ; for-loop exit label
    %load/vec4 v0x56395f7d22f0_0;
    %store/vec4 v0x56395f7d2590_0, 0, 32;
    %load/vec4 v0x56395f7d1c30_0;
    %store/vec4 v0x56395f7d1b70_0, 0, 1;
    %jmp T_2.8;
T_2.5 ;
    %load/vec4 v0x56395f7d23d0_0;
    %store/vec4 v0x56395f7d22f0_0, 0, 32;
    %pushi/vec4 0, 0, 32;
    %store/vec4 v0x56395f7d1e90_0, 0, 32;
T_2.12 ; Top of for-loop
    %load/vec4 v0x56395f7d1e90_0;
    %load/vec4 v0x56395f7d2210_0;
    %parti/s 5, 0, 2;
    %pad/u 32;
    %cmp/u;
	  %jmp/0xz T_2.13, 5;
    %load/vec4 v0x56395f7d22f0_0;
    %parti/s 1, 31, 6;
    %store/vec4 v0x56395f7d2910_0, 0, 1;
    %load/vec4 v0x56395f7d22f0_0;
    %parti/s 31, 0, 2;
    %ix/load 4, 1, 0;
    %flag_set/imm 4, 0;
    %store/vec4 v0x56395f7d22f0_0, 4, 31;
    %load/vec4 v0x56395f7d2910_0;
    %ix/load 4, 0, 0;
    %flag_set/imm 4, 0;
    %store/vec4 v0x56395f7d22f0_0, 4, 1;
    %load/vec4 v0x56395f7d2910_0;
    %store/vec4 v0x56395f7d1c30_0, 0, 1;
T_2.14 ; for-loop step statement
    %load/vec4 v0x56395f7d1e90_0;
    %addi 1, 0, 32;
    %store/vec4 v0x56395f7d1e90_0, 0, 32;
    %jmp T_2.12;
T_2.13 ; for-loop exit label
    %load/vec4 v0x56395f7d22f0_0;
    %store/vec4 v0x56395f7d2590_0, 0, 32;
    %load/vec4 v0x56395f7d1c30_0;
    %store/vec4 v0x56395f7d1b70_0, 0, 1;
    %jmp T_2.8;
T_2.6 ;
    %load/vec4 v0x56395f7d1930_0;
    %store/vec4 v0x56395f7d1c30_0, 0, 1;
    %load/vec4 v0x56395f7d23d0_0;
    %store/vec4 v0x56395f7d22f0_0, 0, 32;
    %pushi/vec4 0, 0, 32;
    %store/vec4 v0x56395f7d1e90_0, 0, 32;
T_2.15 ; Top of for-loop
    %load/vec4 v0x56395f7d1e90_0;
    %load/vec4 v0x56395f7d2210_0;
    %parti/s 5, 0, 2;
    %pad/u 32;
    %cmp/u;
	  %jmp/0xz T_2.16, 5;
    %load/vec4 v0x56395f7d22f0_0;
    %parti/s 1, 0, 2;
    %store/vec4 v0x56395f7d2910_0, 0, 1;
    %load/vec4 v0x56395f7d22f0_0;
    %parti/s 31, 1, 2;
    %ix/load 4, 0, 0;
    %flag_set/imm 4, 0;
    %store/vec4 v0x56395f7d22f0_0, 4, 31;
    %load/vec4 v0x56395f7d1c30_0;
    %ix/load 4, 31, 0;
    %flag_set/imm 4, 0;
    %store/vec4 v0x56395f7d22f0_0, 4, 1;
    %load/vec4 v0x56395f7d2910_0;
    %store/vec4 v0x56395f7d1c30_0, 0, 1;
T_2.17 ; for-loop step statement
    %load/vec4 v0x56395f7d1e90_0;
    %addi 1, 0, 32;
    %store/vec4 v0x56395f7d1e90_0, 0, 32;
    %jmp T_2.15;
T_2.16 ; for-loop exit label
    %load/vec4 v0x56395f7d22f0_0;
    %store/vec4 v0x56395f7d2590_0, 0, 32;
    %load/vec4 v0x56395f7d1c30_0;
    %store/vec4 v0x56395f7d1b70_0, 0, 1;
    %jmp T_2.8;
T_2.7 ;
    %load/vec4 v0x56395f7d1930_0;
    %store/vec4 v0x56395f7d1c30_0, 0, 1;
    %load/vec4 v0x56395f7d23d0_0;
    %store/vec4 v0x56395f7d22f0_0, 0, 32;
    %pushi/vec4 0, 0, 32;
    %store/vec4 v0x56395f7d1e90_0, 0, 32;
T_2.18 ; Top of for-loop
    %load/vec4 v0x56395f7d1e90_0;
    %load/vec4 v0x56395f7d2210_0;
    %parti/s 5, 0, 2;
    %pad/u 32;
    %cmp/u;
	  %jmp/0xz T_2.19, 5;
    %load/vec4 v0x56395f7d22f0_0;
    %parti/s 1, 31, 6;
    %store/vec4 v0x56395f7d2910_0, 0, 1;
    %load/vec4 v0x56395f7d22f0_0;
    %parti/s 31, 0, 2;
    %ix/load 4, 1, 0;
    %flag_set/imm 4, 0;
    %store/vec4 v0x56395f7d22f0_0, 4, 31;
    %load/vec4 v0x56395f7d1c30_0;
    %ix/load 4, 0, 0;
    %flag_set/imm 4, 0;
    %store/vec4 v0x56395f7d22f0_0, 4, 1;
    %load/vec4 v0x56395f7d2910_0;
    %store/vec4 v0x56395f7d1c30_0, 0, 1;
T_2.20 ; for-loop step statement
    %load/vec4 v0x56395f7d1e90_0;
    %addi 1, 0, 32;
    %store/vec4 v0x56395f7d1e90_0, 0, 32;
    %jmp T_2.18;
T_2.19 ; for-loop exit label
    %load/vec4 v0x56395f7d22f0_0;
    %store/vec4 v0x56395f7d2590_0, 0, 32;
    %load/vec4 v0x56395f7d1c30_0;
    %store/vec4 v0x56395f7d1b70_0, 0, 1;
    %jmp T_2.8;
T_2.8 ;
    %pop/vec4 1;
    %jmp T_2;
    .thread T_2, $push;
    .scope S_0x56395f776be0;
T_3 ;
    %wait E_0x56395f7505d0;
    %load/vec4 v0x56395f7d1690_0;
    %parti/s 3, 1, 2;
    %cmpi/ne 0, 0, 3;
    %flag_get/vec4 4;
    %jmp/0 T_3.2, 4;
    %load/vec4 v0x56395f7d1690_0;
    %parti/s 3, 1, 2;
    %pushi/vec4 1, 0, 3;
    %cmp/ne;
    %flag_get/vec4 4;
    %and;
T_3.2;
    %flag_set/vec4 8;
    %jmp/0xz  T_3.0, 8;
    %load/vec4 v0x56395f7d15b0_0;
    %parti/s 32, 0, 2;
    %store/vec4 v0x56395f7d1770_0, 0, 32;
    %pushi/vec4 11, 0, 4;
    %store/vec4 v0x56395f7d2830_0, 0, 4;
    %jmp T_3.1;
T_3.0 ;
    %load/vec4 v0x56395f7d1db0_0;
    %parti/s 2, 2, 3;
    %dup/vec4;
    %pushi/vec4 0, 0, 2;
    %cmp/u;
    %jmp/1 T_3.3, 6;
    %dup/vec4;
    %pushi/vec4 1, 0, 2;
    %cmp/u;
    %jmp/1 T_3.4, 6;
    %dup/vec4;
    %pushi/vec4 2, 0, 2;
    %cmp/u;
    %jmp/1 T_3.5, 6;
    %dup/vec4;
    %pushi/vec4 3, 0, 2;
    %cmp/u;
    %jmp/1 T_3.6, 6;
    %jmp T_3.7;
T_3.3 ;
    %load/vec4 v0x56395f7d15b0_0;
    %parti/s 32, 0, 2;
    %store/vec4 v0x56395f7d1770_0, 0, 32;
    %pushi/vec4 15, 0, 4;
    %store/vec4 v0x56395f7d2830_0, 0, 4;
    %jmp T_3.7;
T_3.4 ;
    %load/vec4 v0x56395f7d2130_0;
    %store/vec4 v0x56395f7d1770_0, 0, 32;
    %pushi/vec4 3, 0, 4;
    %store/vec4 v0x56395f7d2830_0, 0, 4;
    %jmp T_3.7;
T_3.5 ;
    %load/vec4 v0x56395f7d2590_0;
    %store/vec4 v0x56395f7d1770_0, 0, 32;
    %pushi/vec4 3, 0, 4;
    %store/vec4 v0x56395f7d2830_0, 0, 4;
    %jmp T_3.7;
T_3.6 ;
    %load/vec4 v0x56395f7d2590_0;
    %store/vec4 v0x56395f7d1770_0, 0, 32;
    %pushi/vec4 11, 0, 4;
    %store/vec4 v0x56395f7d2830_0, 0, 4;
    %jmp T_3.7;
T_3.7 ;
    %pop/vec4 1;
T_3.1 ;
    %jmp T_3;
    .thread T_3, $push;
    .scope S_0x56395f776be0;
T_4 ;
    %wait E_0x56395f74e020;
    %load/vec4 v0x56395f7d1770_0;
    %assign/vec4 v0x56395f7d1850_0, 0;
    %jmp T_4;
    .thread T_4;
    .scope S_0x56395f7d59b0;
T_5 ;
    %pushi/vec4 0, 0, 4;
    %store/vec4 v0x56395f7d5fa0_0, 0, 4;
    %end;
    .thread T_5;
    .scope S_0x56395f7d59b0;
T_6 ;
    %wait E_0x56395f74e020;
    %load/vec4 v0x56395f7d5ce0_0;
    %parti/s 1, 0, 2;
    %flag_set/vec4 8;
    %jmp/0 T_6.0, 8;
    %load/vec4 v0x56395f7d5dd0_0;
    %parti/s 1, 0, 2;
    %jmp/1 T_6.1, 8;
T_6.0 ; End of true expr.
    %load/vec4 v0x56395f7d5fa0_0;
    %parti/s 1, 0, 2;
    %jmp/0 T_6.1, 8;
 ; End of false expr.
    %blend;
T_6.1;
    %ix/load 5, 0, 0;
    %ix/load 4, 0, 0;
    %flag_set/imm 4, 0;
    %assign/vec4/off/d v0x56395f7d5fa0_0, 4, 5;
    %load/vec4 v0x56395f7d5ce0_0;
    %parti/s 1, 1, 2;
    %flag_set/vec4 8;
    %jmp/0 T_6.2, 8;
    %load/vec4 v0x56395f7d5dd0_0;
    %parti/s 1, 1, 2;
    %jmp/1 T_6.3, 8;
T_6.2 ; End of true expr.
    %load/vec4 v0x56395f7d5fa0_0;
    %parti/s 1, 1, 2;
    %jmp/0 T_6.3, 8;
 ; End of false expr.
    %blend;
T_6.3;
    %ix/load 5, 0, 0;
    %ix/load 4, 1, 0;
    %flag_set/imm 4, 0;
    %assign/vec4/off/d v0x56395f7d5fa0_0, 4, 5;
    %load/vec4 v0x56395f7d5ce0_0;
    %parti/s 1, 2, 3;
    %flag_set/vec4 8;
    %jmp/0 T_6.4, 8;
    %load/vec4 v0x56395f7d5dd0_0;
    %parti/s 1, 2, 3;
    %jmp/1 T_6.5, 8;
T_6.4 ; End of true expr.
    %load/vec4 v0x56395f7d5fa0_0;
    %parti/s 1, 2, 3;
    %jmp/0 T_6.5, 8;
 ; End of false expr.
    %blend;
T_6.5;
    %ix/load 5, 0, 0;
    %ix/load 4, 2, 0;
    %flag_set/imm 4, 0;
    %assign/vec4/off/d v0x56395f7d5fa0_0, 4, 5;
    %load/vec4 v0x56395f7d5ce0_0;
    %parti/s 1, 3, 3;
    %flag_set/vec4 8;
    %jmp/0 T_6.6, 8;
    %load/vec4 v0x56395f7d5dd0_0;
    %parti/s 1, 3, 3;
    %jmp/1 T_6.7, 8;
T_6.6 ; End of true expr.
    %load/vec4 v0x56395f7d5fa0_0;
    %parti/s 1, 3, 3;
    %jmp/0 T_6.7, 8;
 ; End of false expr.
    %blend;
T_6.7;
    %ix/load 5, 0, 0;
    %ix/load 4, 3, 0;
    %flag_set/imm 4, 0;
    %assign/vec4/off/d v0x56395f7d5fa0_0, 4, 5;
    %jmp T_6;
    .thread T_6;
    .scope S_0x56395f7d2b70;
T_7 ;
    %pushi/vec4 0, 0, 3;
    %store/vec4 v0x56395f7d4120_0, 0, 3;
    %end;
    .thread T_7;
    .scope S_0x56395f7d2b70;
T_8 ;
    %wait E_0x56395f74eb30;
    %load/vec4 v0x56395f7d42c0_0;
    %cmpi/e 0, 0, 1;
    %jmp/0xz  T_8.0, 4;
    %pushi/vec4 1, 0, 3;
    %assign/vec4 v0x56395f7d4120_0, 0;
    %jmp T_8.1;
T_8.0 ;
    %load/vec4 v0x56395f7d3f30_0;
    %assign/vec4 v0x56395f7d4120_0, 0;
T_8.1 ;
    %jmp T_8;
    .thread T_8;
    .scope S_0x56395f7d2b70;
T_9 ;
    %wait E_0x56395f74e9a0;
    %load/vec4 v0x56395f7d4120_0;
    %dup/vec4;
    %pushi/vec4 0, 0, 3;
    %cmp/u;
    %jmp/1 T_9.0, 6;
    %dup/vec4;
    %pushi/vec4 1, 0, 3;
    %cmp/u;
    %jmp/1 T_9.1, 6;
    %dup/vec4;
    %pushi/vec4 2, 0, 3;
    %cmp/u;
    %jmp/1 T_9.2, 6;
    %dup/vec4;
    %pushi/vec4 3, 0, 3;
    %cmp/u;
    %jmp/1 T_9.3, 6;
    %dup/vec4;
    %pushi/vec4 4, 0, 3;
    %cmp/u;
    %jmp/1 T_9.4, 6;
    %dup/vec4;
    %pushi/vec4 5, 0, 3;
    %cmp/u;
    %jmp/1 T_9.5, 6;
    %dup/vec4;
    %pushi/vec4 6, 0, 3;
    %cmp/u;
    %jmp/1 T_9.6, 6;
    %pushi/vec4 1, 0, 3;
    %store/vec4 v0x56395f7d3f30_0, 0, 3;
    %jmp T_9.8;
T_9.0 ;
    %pushi/vec4 1, 0, 3;
    %store/vec4 v0x56395f7d3f30_0, 0, 3;
    %jmp T_9.8;
T_9.1 ;
    %load/vec4 v0x56395f7d42c0_0;
    %cmpi/e 0, 0, 1;
    %jmp/0xz  T_9.9, 4;
    %pushi/vec4 1, 0, 3;
    %store/vec4 v0x56395f7d3f30_0, 0, 3;
    %jmp T_9.10;
T_9.9 ;
    %pushi/vec4 2, 0, 3;
    %store/vec4 v0x56395f7d3f30_0, 0, 3;
T_9.10 ;
    %jmp T_9.8;
T_9.2 ;
    %pushi/vec4 3, 0, 3;
    %store/vec4 v0x56395f7d3f30_0, 0, 3;
    %jmp T_9.8;
T_9.3 ;
    %pushi/vec4 4, 0, 3;
    %store/vec4 v0x56395f7d3f30_0, 0, 3;
    %jmp T_9.8;
T_9.4 ;
    %pushi/vec4 5, 0, 3;
    %store/vec4 v0x56395f7d3f30_0, 0, 3;
    %jmp T_9.8;
T_9.5 ;
    %pushi/vec4 6, 0, 3;
    %store/vec4 v0x56395f7d3f30_0, 0, 3;
    %jmp T_9.8;
T_9.6 ;
    %pushi/vec4 2, 0, 3;
    %store/vec4 v0x56395f7d3f30_0, 0, 3;
    %jmp T_9.8;
T_9.8 ;
    %pop/vec4 1;
    %jmp T_9;
    .thread T_9, $push;
    .scope S_0x56395f7d2b70;
T_10 ;
    %wait E_0x56395f74f9f0;
    %pushi/vec4 0, 0, 1;
    %store/vec4 v0x56395f7d4200_0, 0, 1;
    %pushi/vec4 0, 0, 1;
    %store/vec4 v0x56395f7d4460_0, 0, 1;
    %pushi/vec4 0, 0, 4;
    %store/vec4 v0x56395f7d3c80_0, 0, 4;
    %load/vec4 v0x56395f7d4120_0;
    %dup/vec4;
    %pushi/vec4 4, 0, 3;
    %cmp/u;
    %jmp/1 T_10.0, 6;
    %dup/vec4;
    %pushi/vec4 6, 0, 3;
    %cmp/u;
    %jmp/1 T_10.1, 6;
    %jmp T_10.2;
T_10.0 ;
    %load/vec4 v0x56395f7d3ff0_0;
    %dup/vec4;
    %pushi/vec4 1, 0, 4;
    %cmp/u;
    %jmp/1 T_10.3, 6;
    %dup/vec4;
    %pushi/vec4 2, 0, 4;
    %cmp/u;
    %jmp/1 T_10.4, 6;
    %dup/vec4;
    %pushi/vec4 0, 0, 4;
    %cmp/u;
    %jmp/1 T_10.5, 6;
    %pushi/vec4 0, 0, 4;
    %store/vec4 v0x56395f7d3c80_0, 0, 4;
    %jmp T_10.7;
T_10.3 ;
    %pushi/vec4 1, 0, 4;
    %store/vec4 v0x56395f7d3c80_0, 0, 4;
    %jmp T_10.7;
T_10.4 ;
    %pushi/vec4 3, 0, 4;
    %store/vec4 v0x56395f7d3c80_0, 0, 4;
    %jmp T_10.7;
T_10.5 ;
    %pushi/vec4 0, 0, 4;
    %store/vec4 v0x56395f7d3c80_0, 0, 4;
    %jmp T_10.7;
T_10.7 ;
    %pop/vec4 1;
    %jmp T_10.2;
T_10.1 ;
    %load/vec4 v0x56395f7d3ff0_0;
    %dup/vec4;
    %pushi/vec4 1, 0, 4;
    %cmp/u;
    %jmp/1 T_10.8, 6;
    %dup/vec4;
    %pushi/vec4 2, 0, 4;
    %cmp/u;
    %jmp/1 T_10.9, 6;
    %pushi/vec4 0, 0, 1;
    %store/vec4 v0x56395f7d4200_0, 0, 1;
    %jmp T_10.11;
T_10.8 ;
    %pushi/vec4 1, 0, 1;
    %store/vec4 v0x56395f7d4200_0, 0, 1;
    %pushi/vec4 0, 0, 1;
    %store/vec4 v0x56395f7d4460_0, 0, 1;
    %jmp T_10.11;
T_10.9 ;
    %pushi/vec4 1, 0, 1;
    %store/vec4 v0x56395f7d4200_0, 0, 1;
    %pushi/vec4 0, 0, 1;
    %store/vec4 v0x56395f7d4460_0, 0, 1;
    %jmp T_10.11;
T_10.11 ;
    %pop/vec4 1;
    %jmp T_10.2;
T_10.2 ;
    %pop/vec4 1;
    %jmp T_10;
    .thread T_10, $push;
    .scope S_0x56395f7d2b70;
T_11 ;
    %wait E_0x56395f74dd90;
    %load/vec4 v0x56395f7d3ff0_0;
    %pad/u 32;
    %cmpi/e 15, 0, 32;
    %jmp/0xz  T_11.0, 4;
    %delay 50, 0;
    %vpi_call 5 128 "$display", "Halt." {0 0 0};
    %vpi_call 5 129 "$stop" {0 0 0};
T_11.0 ;
    %jmp T_11;
    .thread T_11, $push;
    .scope S_0x56395f7d4620;
T_12 ;
    %wait E_0x56395f74ef90;
    %load/vec4 v0x56395f7d4c30_0;
    %cmpi/e 0, 0, 1;
    %jmp/0xz  T_12.0, 4;
    %load/vec4 v0x56395f7d4890_0;
    %store/vec4 v0x56395f7d4b50_0, 0, 32;
    %jmp T_12.1;
T_12.0 ;
    %load/vec4 v0x56395f7d49a0_0;
    %store/vec4 v0x56395f7d4b50_0, 0, 32;
T_12.1 ;
    %jmp T_12;
    .thread T_12, $push;
    .scope S_0x56395f7d4db0;
T_13 ;
    %pushi/vec4 0, 0, 32;
    %store/vec4 v0x56395f7d50f0_0, 0, 32;
T_13.0 ; Top of for-loop
    %load/vec4 v0x56395f7d50f0_0;
    %cmpi/s 16, 0, 32;
	  %jmp/0xz T_13.1, 5;
    %pushi/vec4 0, 0, 32;
    %ix/getv/s 3, v0x56395f7d50f0_0;
    %ix/load 4, 0, 0; Constant delay
    %assign/vec4/a/d v0x56395f7d51d0, 0, 4;
T_13.2 ; for-loop step statement
    %load/vec4 v0x56395f7d50f0_0;
    %addi 1, 0, 32;
    %store/vec4 v0x56395f7d50f0_0, 0, 32;
    %jmp T_13.0;
T_13.1 ; for-loop exit label
    %pushi/vec4 0, 0, 32;
    %assign/vec4 v0x56395f7d5520_0, 0;
    %pushi/vec4 0, 0, 32;
    %assign/vec4 v0x56395f7d55c0_0, 0;
    %end;
    .thread T_13;
    .scope S_0x56395f7d4db0;
T_14 ;
    %wait E_0x56395f74e020;
    %load/vec4 v0x56395f7d5270_0;
    %cmpi/e 0, 0, 4;
    %jmp/0xz  T_14.0, 4;
    %pushi/vec4 0, 0, 32;
    %assign/vec4 v0x56395f7d5520_0, 0;
    %jmp T_14.1;
T_14.0 ;
    %load/vec4 v0x56395f7d5270_0;
    %pad/u 6;
    %ix/vec4 4;
    %load/vec4a v0x56395f7d51d0, 4;
    %assign/vec4 v0x56395f7d5520_0, 0;
T_14.1 ;
    %jmp T_14;
    .thread T_14;
    .scope S_0x56395f7d4db0;
T_15 ;
    %wait E_0x56395f74e020;
    %load/vec4 v0x56395f7d5350_0;
    %cmpi/e 0, 0, 4;
    %jmp/0xz  T_15.0, 4;
    %pushi/vec4 0, 0, 32;
    %assign/vec4 v0x56395f7d55c0_0, 0;
    %jmp T_15.1;
T_15.0 ;
    %load/vec4 v0x56395f7d5350_0;
    %pad/u 6;
    %ix/vec4 4;
    %load/vec4a v0x56395f7d51d0, 4;
    %assign/vec4 v0x56395f7d55c0_0, 0;
T_15.1 ;
    %jmp T_15;
    .thread T_15;
    .scope S_0x56395f7d4db0;
T_16 ;
    %wait E_0x56395f74e020;
    %load/vec4 v0x56395f7d5480_0;
    %cmpi/e 1, 0, 1;
    %jmp/0xz  T_16.0, 4;
    %load/vec4 v0x56395f7d5690_0;
    %load/vec4 v0x56395f7d57f0_0;
    %pad/u 6;
    %ix/vec4 3;
    %ix/load 4, 0, 0; Constant delay
    %assign/vec4/a/d v0x56395f7d51d0, 0, 4;
T_16.0 ;
    %jmp T_16;
    .thread T_16;
    .scope S_0x56395f76c280;
T_17 ;
    %vpi_call 3 99 "$monitor", "Time= %0d, IR= %h, R1= %h, R2= %h, R3= %h, R4= %h, R5= %h, ALU_OP= %h, WB_SEL= %b, RF_WE= %b, wb_data= %h", $time, v0x56395f7d66d0_0, v0x56395f7d6a20_0, v0x56395f7d6bd0_0, &A<v0x56395f7d51d0, 1>, &A<v0x56395f7d51d0, 2>, &A<v0x56395f7d51d0, 3>, &A<v0x56395f7d51d0, 4>, &A<v0x56395f7d51d0, 5>, v0x56395f7d6110_0, v0x56395f7d7220_0, v0x56395f7d6980_0, v0x56395f7d7110_0 {0 0 0};
    %end;
    .thread T_17;
    .scope S_0x56395f76c0f0;
T_18 ;
    %pushi/vec4 0, 0, 1;
    %store/vec4 v0x56395f7d7430_0, 0, 1;
    %end;
    .thread T_18;
    .scope S_0x56395f76c0f0;
T_19 ;
    %delay 50, 0;
    %load/vec4 v0x56395f7d7430_0;
    %inv;
    %store/vec4 v0x56395f7d7430_0, 0, 1;
    %jmp T_19;
    .thread T_19;
    .scope S_0x56395f76c0f0;
T_20 ;
    %pushi/vec4 0, 0, 1;
    %store/vec4 v0x56395f7d7590_0, 0, 1;
    %delay 200, 0;
    %pushi/vec4 1, 0, 1;
    %store/vec4 v0x56395f7d7590_0, 0, 1;
    %end;
    .thread T_20;
    .scope S_0x56395f76c0f0;
T_21 ;
    %pushi/vec4 0, 0, 32;
    %store/vec4 v0x56395f7d74d0_0, 0, 32;
    %delay 850, 0;
    %pushi/vec4 554696705, 0, 32;
    %store/vec4 v0x56395f7d74d0_0, 0, 32;
    %delay 500, 0;
    %pushi/vec4 287379456, 0, 32;
    %store/vec4 v0x56395f7d74d0_0, 0, 32;
    %delay 500, 0;
    %pushi/vec4 456269824, 0, 32;
    %store/vec4 v0x56395f7d74d0_0, 0, 32;
    %delay 500, 0;
    %pushi/vec4 306257920, 0, 32;
    %store/vec4 v0x56395f7d74d0_0, 0, 32;
    %delay 500, 0;
    %pushi/vec4 440676352, 0, 32;
    %store/vec4 v0x56395f7d74d0_0, 0, 32;
    %delay 500, 0;
    %pushi/vec4 388186112, 0, 32;
    %store/vec4 v0x56395f7d74d0_0, 0, 32;
    %delay 500, 0;
    %pushi/vec4 337772544, 0, 32;
    %store/vec4 v0x56395f7d74d0_0, 0, 32;
    %delay 500, 0;
    %pushi/vec4 423759872, 0, 32;
    %store/vec4 v0x56395f7d74d0_0, 0, 32;
    %delay 500, 0;
    %pushi/vec4 357711872, 0, 32;
    %store/vec4 v0x56395f7d74d0_0, 0, 32;
    %delay 500, 0;
    %pushi/vec4 372391936, 0, 32;
    %store/vec4 v0x56395f7d74d0_0, 0, 32;
    %delay 500, 0;
    %pushi/vec4 0, 0, 32;
    %store/vec4 v0x56395f7d74d0_0, 0, 32;
    %delay 500, 0;
    %pushi/vec4 554696705, 0, 32;
    %store/vec4 v0x56395f7d74d0_0, 0, 32;
    %delay 500, 0;
    %pushi/vec4 304156672, 0, 32;
    %store/vec4 v0x56395f7d74d0_0, 0, 32;
    %delay 500, 0;
    %pushi/vec4 304091136, 0, 32;
    %store/vec4 v0x56395f7d74d0_0, 0, 32;
    %delay 500, 0;
    %pushi/vec4 405868544, 0, 32;
    %store/vec4 v0x56395f7d74d0_0, 0, 32;
    %delay 500, 0;
    %pushi/vec4 289550336, 0, 32;
    %store/vec4 v0x56395f7d74d0_0, 0, 32;
    %delay 500, 0;
    %pushi/vec4 4026531840, 0, 32;
    %store/vec4 v0x56395f7d74d0_0, 0, 32;
    %end;
    .thread T_21;
# The file index is used to find the file name in the following table.
:file_names 9;
    "N/A";
    "<interactive>";
    "./sisc_tb.v";
    "./sisc.v";
    "./alu.v";
    "./ctrl.v";
    "./mux32.v";
    "./rf.v";
    "./statreg.v";
